­ƒÜÇ Starting comprehensive route tests...

Testing against: http://localhost:5003

­ƒôï Testing Health & Public Endpoints...

­ƒôï Testing Auth Routes (Public)...
Ô£à Customer registered
Ô£à Provider registered
Ô£à Customer logged in
Ô£à Provider logged in

­ƒôï Testing Auth Routes (Protected)...

­ƒôï Testing Services Routes...

­ƒôï Testing Admin Service Routes...

­ƒôï Testing Users Routes...

­ƒôï Testing Bookings Routes...

­ƒôï Testing Payments Routes...

­ƒôï Testing Notifications Routes...

­ƒôï Testing Activities Routes...

­ƒôï Testing Email Verification Routes...

­ƒôï Testing Password Reset Routes...

­ƒôï Testing Privacy Routes...

­ƒôï Testing Complaints Routes...

­ƒôï Testing Stats Routes...

­ƒôï Testing Admin Routes...

­ƒôï Testing Admin OTP Routes...
